---
source: src/commands/utils.rs
expression: "String::from_utf8(writer).unwrap()"
---
[38;5;2m No Dependency changes[39m

