---
source: src/resolution.rs
expression: err
---
No packages were found that matched (Shared) biff/server@1.0.0.
Are you sure this is a Shared dependency?
