---
source: tests/integration/install.rs
expression: result

---
DevPackages:
  Transitive.lua: "return require(script.Parent._Index[\"biff_transitive-dependency@0.1.0\"][\"transitive-dependency\"])\n"
  _Index:
    biff_transitive-dependency@0.1.0:
      OneDependency.lua: "if not game:GetService(\"RunService\"):IsServer() then\n    error(\"biff_one-dependency@0.1.0 is a server-only package.\", 2)\nend\n\nreturn require(game.ServerScriptStorage.Packages._Index[\"biff_one-dependency@0.1.0\"][\"one-dependency\"])\n"
      transitive-dependency:
        init.lua: "return \"hey\""
ServerPackages:
  Minimal.lua: "return require(script.Parent._Index[\"biff_minimal@0.1.0\"][\"minimal\"])\n"
  One.lua: "return require(script.Parent._Index[\"biff_one-dependency@0.1.0\"][\"one-dependency\"])\n"
  _Index:
    biff_minimal@0.1.0:
      minimal:
        init.lua: "return \"hey\""
    biff_one-dependency@0.1.0:
      Minimal.lua: "return require(script.Parent.Parent[\"biff_minimal@0.1.0\"][\"minimal\"])\n"
      one-dependency:
        init.lua: "return \"hey\""
default.project.json: "{\n\t\"name\": \"dev-dependency\",\n\t\"tree\": {\n\t\t\"$path\": \"src\"\n\t}\n}"
src:
  init.lua: "local Minimal = require(script.Parent.Minimal)\n\nreturn function()\n\tprint(Minimal)\nend"
wally.lock: "# This file is automatically @generated by Wally.\n# It is not intended for manual editing.\nregistry = \"test\"\n\n[[package]]\nname = \"biff/dev-dependency\"\nversion = \"0.1.0\"\ndependencies = []\n\n[[package]]\nname = \"biff/minimal\"\nversion = \"0.1.0\"\ndependencies = []\n\n[[package]]\nname = \"biff/one-dependency\"\nversion = \"0.1.0\"\ndependencies = []\n\n[[package]]\nname = \"biff/transitive-dependency\"\nversion = \"0.1.0\"\ndependencies = []\n"
wally.toml: "[package]\nname = \"biff/dev-dependency\"\nversion = \"0.1.0\"\nlicense = \"MIT\"\nrealm = \"server\"\nregistry = \"test-registries/primary-registry\"\n\n[place]\nserver-packages = \"game.ServerScriptStorage.Packages\"\n\n[server-dependencies]\nMinimal = \"biff/minimal@0.1.0\"\nOne = \"biff/one-dependency@0.1.0\"\n\n[dev-dependencies]\nTransitive = \"biff/transitive-dependency@0.1.0\"\n"

