---
source: tests/integration/install.rs
expression: result

---
ServerPackages:
  OneDependency.lua: "return require(script.Parent._Index[\"biff_one-dependency@0.1.0\"][\"one-dependency\"])\n"
  _Index:
    biff_minimal@0.1.0:
      minimal:
        init.lua: "return \"hey\""
    biff_one-dependency@0.1.0:
      Minimal.lua: "return require(script.Parent.Parent[\"biff_minimal@0.1.0\"][\"minimal\"])\n"
      one-dependency:
        init.lua: "return \"hey\""
default.project.json: "{\n\t\"name\": \"transitive-dependency\",\n\t\"tree\": {\n\t\t\"$path\": \"src\"\n\t}\n}"
src:
  init.lua: "local OneDependency = require(script.Parent.OneDependency)\n\nreturn function()\n\treturn OneDependency()\nend"
wally.lock: "# This file is automatically @generated by Wally.\n# It is not intended for manual editing.\nregistry = \"test\"\n\n[[package]]\nname = \"biff/minimal\"\nversion = \"0.1.0\"\ndependencies = []\n\n[[package]]\nname = \"biff/one-dependency\"\nversion = \"0.1.0\"\ndependencies = []\n\n[[package]]\nname = \"biff/transitive-dependency\"\nversion = \"0.1.0\"\ndependencies = []\n"
wally.toml: "[package]\nname = \"biff/transitive-dependency\"\nversion = \"0.1.0\"\nlicense = \"MIT\"\nrealm = \"server\"\nregistry = \"test-registries/primary-registry\"\n\n[server-dependencies]\nOneDependency = \"biff/one-dependency@0.1.0\"\n"

