---
source: tests/integration/install.rs
expression: result
---
default.project.json: "{\r\n  \"name\": \"minimal\",\r\n  \"tree\": {\r\n    \"$path\": \"src\"\r\n  }\r\n}"
src:
  init.luau: "return \"hey\"\r\n"
wally.lock: "# This file is automatically @generated by Wally.\n# It is not intended for manual editing.\nregistry = \"test\"\n\n[[package]]\nname = \"biff/minimal\"\nversion = \"0.1.0\"\ndependencies = []\n"
wally.toml: "[package]\r\nname = \"biff/minimal\"\r\nversion = \"0.1.0\"\r\nlicense = \"MIT\"\r\nrealm = \"server\"\r\nregistry = \"test-registries/primary-registry\"\r\nrepository = \"https://github.com/UpliftGames/player-module.git\"\r\nhomepage = \"https://github.com/UpliftGames/player-module\"\r\n"
